// Jest Snapshot v1, https://goo.gl/fbAQLP

exports[`PopulationChartDisplay Component Snapshot Test 1`] = `
<DocumentFragment>
  <style>
    
        //  アクティブでない凡例を隠す
        li.recharts-legend-item.inactive {
          display: none !important;
        }
      
  </style>
  <div
    class="recharts-responsive-container"
    style="width: 100%; height: 300px;"
  />
</DocumentFragment>
`;
